
> my-tutor-website@0.1.0 prebuild
> npm run tokens:build


> my-tutor-website@0.1.0 tokens:build
> style-dictionary build --config src/design-tokens/config.json


Token collisions detected (8):
Use log.verbosity "verbose" or use CLI option --verbose for more details.
Refer to: https://styledictionary.com/reference/logging/

Unknown CSS Font Shorthand properties found for 6 tokens, CSS output for Font values will be missing some typography token properties as a result:
Use log.verbosity "verbose" or use CLI option --verbose for more details.
Refer to: https://styledictionary.com/reference/logging/


json
✔︎ src/design-tokens/generated/tokens.json

Unknown CSS Font Shorthand properties found for 2 tokens, CSS output for Font values will be missing some typography token properties as a result:
Use log.verbosity "verbose" or use CLI option --verbose for more details.
Refer to: https://styledictionary.com/reference/logging/


js
✔︎ src/design-tokens/generated/tokens.js

typescript
✔︎ src/design-tokens/generated/tokens.ts
✔︎ src/design-tokens/generated/types.d.ts

tailwind
✔︎ ./tailwind.config.tokens.js

css
✔︎ src/styles/tokens/variables.css

> my-tutor-website@0.1.0 build
> NODE_ENV=production next build

   ▲ Next.js 15.5.6
   - Environments: .env.local, .env.production
   - Experiments (use with caution):
     ✓ optimizeCss
     ✓ scrollRestoration
     ✓ webpackBuildWorker
     · optimizePackageImports
     ✓ webpackMemoryOptimizations

   Creating an optimized production build ...
   Using tsconfig file: ./tsconfig.production.json
   Using tsconfig file: ./tsconfig.production.json
   Using tsconfig file: ./tsconfig.production.json
 ✓ Compiled successfully in 33.6s
   Skipping validation of types
   Skipping linting
   Collecting page data ...
   Generating static pages (0/16) ...
   Generating static pages (4/16) 
   Generating static pages (8/16) 
   Generating static pages (12/16) 
 ✓ Generating static pages (16/16)
   Finalizing page optimization ...
   Collecting build traces ...

Route (app)                                          Size  First Load JS  Revalidate  Expire
┌ ƒ /                                             13.2 kB         272 kB
├ ƒ /_not-found                                     227 B         152 kB
├ ƒ /11-plus-bootcamps                            9.11 kB         268 kB
├ ƒ /about                                        9.77 kB         261 kB
├ ƒ /admin                                        2.78 kB         193 kB
├ ƒ /admin/login                                  2.38 kB         187 kB
├ ƒ /admin/monitoring                             3.24 kB         155 kB
├ ƒ /api/analytics/client-success                   227 B         152 kB
├ ƒ /api/analytics/events                           227 B         152 kB
├ ƒ /api/analytics/performance                      227 B         152 kB
├ ƒ /api/analytics/testimonials                     227 B         152 kB
├ ƒ /api/contact                                    227 B         152 kB
├ ƒ /api/csrf-token                                 227 B         152 kB
├ ƒ /api/errors                                     227 B         152 kB
├ ƒ /api/faq/errors                                 227 B         152 kB
├ ƒ /api/faq/suggestions                            227 B         152 kB
├ ƒ /api/faq/suggestions/[id]/vote                  227 B         152 kB
├ ƒ /api/newsletter                                 227 B         152 kB
├ ƒ /api/performance/alerts                         227 B         152 kB
├ ƒ /api/performance/metrics                        227 B         152 kB
├ ƒ /blog                                         15.7 kB         268 kB
├ ƒ /contact                                       5.7 kB         253 kB
├ ƒ /dashboard                                    12.9 kB         352 kB
├ ƒ /dashboard/faq-analytics                      2.02 kB         154 kB
├ ƒ /dashboard/performance                         4.9 kB         193 kB
├ ƒ /dashboard/testimonials-analytics             11.5 kB         294 kB
├ ƒ /exam-papers                                  13.1 kB         261 kB
├ ƒ /expert-educators                             5.32 kB         257 kB
├ ƒ /faq                                          10.5 kB         258 kB
├ ƒ /faq/[category]                                 227 B         152 kB
├ ƒ /faq/[category]/[subcategory]                   227 B         152 kB
├ ƒ /homeschooling                                5.62 kB         257 kB
├ ƒ /how-it-works                                 9.33 kB         275 kB
├ ƒ /legal/cookie-policy                          5.49 kB         257 kB
├ ƒ /legal/privacy-policy                         5.72 kB         257 kB
├ ƒ /legal/terms-of-service                       6.21 kB         258 kB
├ ƒ /meet-our-tutors                              4.76 kB         267 kB
├ ƒ /offline                                      7.58 kB         315 kB
├ ○ /robots.txt                                     227 B         152 kB
├ ƒ /services                                     19.5 kB         267 kB
├ ○ /sitemap.xml                                    227 B         152 kB          1d      1y
├ ƒ /subject-tuition                              16.5 kB         264 kB
├ ƒ /testimonials                                 2.07 kB         264 kB
└ ƒ /video-masterclasses                          9.21 kB         272 kB
+ First Load JS shared by all                      152 kB
  ├ chunks/npm.next-2898f16f-0d4e6a86d183b014.js  19.5 kB
  ├ chunks/npm.next-4497f2ad-e93b9ee318bdb99d.js  13.5 kB
  ├ chunks/npm.next-98a6762f-c5fcc656ad187358.js  16.8 kB
  ├ chunks/npm.next-ff30e0d3-81609c2b94e76ae1.js  54.2 kB
  └ other shared chunks (total)                   47.6 kB


○  (Static)   prerendered as static content
ƒ  (Dynamic)  server-rendered on demand

